// Vitest Snapshot v1, https://vitest.dev/guide/snapshot.html

exports[`@storyblok/js > Rich Text Resolver > should return the rendered HTML when passing a valid RichText object 1`] = `"<p></p><p>Hola<b>in bold</b></p><p></p><p>paragraph after empty line</p><ul><li><p>an item in a list</p></li><li><p>another one</p></li></ul><ol><li><p>item in another list</p></li><li><p>another one</p></li></ol><blockquote><p>this is a quote</p></blockquote><hr /><p>some word after an &lt;hr&gt;</p><p><i>italic text</i></p><p><strike>strikethrough</strike></p><p><u>underlined</u></p><p><sup>superscript</sup></p><p><sub>subscript</sub></p><p><code>inline code</code> </p><p></p><p></p>"`;
